강제 풀 및 강제 푸시

PC@DESKTOP-NoName~/Desktop/RoguelightSpeedRun20D (main)
$ git push -u origin master --force
error: src refspec master does not match any
error: failed to push some refs to 'https://github.com/Team-Surge-EteversLearnin
g/RoguelightSpeedRun20D.git'

PC@DESKTOP-NoName~/Desktop/RoguelightSpeedRun20D (main)
$ ^C

PC@DESKTOP-NoName~/Desktop/RoguelightSpeedRun20D (main)
$ git push -u origin/master --force
fatal: 'origin/master' does not appear to be a git repository
fatal: Could not read from remote repository.

Please make sure you have the correct access rights
and the repository exists.

PC@DESKTOP-NoName~/Desktop/RoguelightSpeedRun20D (main)
$ git push -u originmaster --force
fatal: 'originmaster' does not appear to be a git repository
fatal: Could not read from remote repository.

Please make sure you have the correct access rights
and the repository exists.

PC@DESKTOP-NoName~/Desktop/RoguelightSpeedRun20D (main)
$ git push -u origin master --force
error: src refspec master does not match any
error: failed to push some refs to 'https://github.com/Team-Surge-EteversLearnin
g/RoguelightSpeedRun20D.git'

PC@DESKTOP-NoName~/Desktop/RoguelightSpeedRun20D (main)
$ git push -u main --force
fatal: 'main' does not appear to be a git repository
fatal: Could not read from remote repository.

Please make sure you have the correct access rights
and the repository exists.

PC@DESKTOP-NoName~/Desktop/RoguelightSpeedRun20D (main)
$ git remote remove origin

PC@DESKTOP-NoName~/Desktop/RoguelightSpeedRun20D (main)
$ git remote add origin "https://github.com/Team-Surge-EteversLearning/RoguelightSpeedRun20D.git"

PC@DESKTOP-NoName~/Desktop/RoguelightSpeedRun20D (main)
$ git remote -v
origin  https://github.com/Team-Surge-EteversLearning/RoguelightSpeedRun20D.git
(fetch)
origin  https://github.com/Team-Surge-EteversLearning/RoguelightSpeedRun20D.git
(push)

PC@DESKTOP-NoName~/Desktop/RoguelightSpeedRun20D (main)
$ git push origin main
To https://github.com/Team-Surge-EteversLearning/RoguelightSpeedRun20D.git
 ! [rejected]        main -> main (non-fast-forward)
error: failed to push some refs to 'https://github.com/Team-Surge-EteversLearnin
g/RoguelightSpeedRun20D.git'
hint: Updates were rejected because the tip of your current branch is behind
hint: its remote counterpart. Integrate the remote changes (e.g.
hint: 'git pull ...') before pushing again.
hint: See the 'Note about fast-forwards' in 'git push --help' for details.

PC@DESKTOP-NoName~/Desktop/RoguelightSpeedRun20D (main)
$ git push origin main --force
Total 0 (delta 0), reused 0 (delta 0), pack-reused 0
To https://github.com/Team-Surge-EteversLearning/RoguelightSpeedRun20D.git
 + 5958137...e25a1b4 main -> main (forced update)

PC@DESKTOP-NoName~/Desktop/RoguelightSpeedRun20D (main)
$
